// Jest Snapshot v1, https://goo.gl/fbAQLP

exports[`<Issues /> matches the snapshots 1`] = `
<Issue
  id={1}
  key="1"
/>
`;
